#-----------------------------------------------------------
# Vivado v2025.2 (64-bit)
# SW Build 6299465 on Fri Nov 14 19:35:11 GMT 2025
# IP Build 6300035 on Fri Nov 14 10:48:45 MST 2025
# SharedData Build 6298862 on Thu Nov 13 04:50:51 MST 2025
# Start of session at: Fri Apr 17 00:24:13 2026
# Process ID         : 11064
# Current directory  : D:/Users/ABHIJIT PAL/hardware lab/pipeline
# Command line       : vivado.exe -gui_launcher_event rodinguilauncherevent18840 D:\Users\ABHIJIT PAL\hardware lab\pipeline\pipeline.xpr
# Log file           : D:/Users/ABHIJIT PAL/hardware lab/pipeline/vivado.log
# Journal file       : D:/Users/ABHIJIT PAL/hardware lab/pipeline\vivado.jou
# Running On         : LAPTOP-2L9T8I38
# Platform           : Windows Server 2016 or Windows 10
# Operating System   : 26200
# Processor Detail   : 11th Gen Intel(R) Core(TM) i5-11260H @ 2.60GHz
# CPU Frequency      : 2611 MHz
# CPU Physical cores : 6
# CPU Logical cores  : 12
# Host memory        : 16888 MB
# Swap memory        : 19327 MB
# Total Virtual      : 36216 MB
# Available Virtual  : 17324 MB
#-----------------------------------------------------------
start_gui
open_project {D:/Users/ABHIJIT PAL/hardware lab/pipeline/pipeline.xpr}
update_compile_order -fileset sources_1
