#-----------------------------------------------------------
# Vivado v2025.2 (64-bit)
# SW Build 6299465 on Fri Nov 14 19:35:11 GMT 2025
# IP Build 6300035 on Fri Nov 14 10:48:45 MST 2025
# SharedData Build 6298862 on Thu Nov 13 04:50:51 MST 2025
# Start of session at: Mon Mar 16 23:53:40 2026
# Process ID         : 6668
# Current directory  : D:/Users/ABHIJIT PAL/pipeline
# Command line       : vivado.exe -gui_launcher_event rodinguilauncherevent20516 D:\Users\ABHIJIT PAL\pipeline\pipeline.xpr
# Log file           : D:/Users/ABHIJIT PAL/pipeline/vivado.log
# Journal file       : D:/Users/ABHIJIT PAL/pipeline\vivado.jou
# Running On         : LAPTOP-2L9T8I38
# Platform           : Windows Server 2016 or Windows 10
# Operating System   : 26200
# Processor Detail   : 11th Gen Intel(R) Core(TM) i5-11260H @ 2.60GHz
# CPU Frequency      : 2611 MHz
# CPU Physical cores : 6
# CPU Logical cores  : 12
# Host memory        : 16888 MB
# Swap memory        : 20401 MB
# Total Virtual      : 37290 MB
# Available Virtual  : 22013 MB
#-----------------------------------------------------------
start_gui
open_project {D:/Users/ABHIJIT PAL/pipeline/pipeline.xpr}
update_compile_order -fileset sources_1
launch_simulation
source tb_pipeline.tcl
reset_run synth_1
launch_runs synth_1 -jobs 6
wait_on_run synth_1
launch_runs impl_1 -jobs 6
wait_on_run impl_1
launch_runs impl_1 -to_step write_bitstream -jobs 6
wait_on_run impl_1
open_run impl_1
close_sim
